gcc -g p6original.c
gdb a.out
GNU gdb (Ubuntu 8.1.1-0ubuntu1) 8.1.1
Copyright (C) 2018 Free Software Foundation, Inc.
License GPLv3+: GNU GPL version 3 or later <http://gnu.org/licenses/gpl.html>
This is free software: you are free to change and redistribute it.
There is NO WARRANTY, to the extent permitted by law.  Type "show copying"
and "show warranty" for details.
This GDB was configured as "x86_64-linux-gnu".
Type "show configuration" for configuration details.
For bug reporting instructions, please see:
<http://www.gnu.org/software/gdb/bugs/>.
Find the GDB manual and other documentation resources online at:
<http://www.gnu.org/software/gdb/documentation/>.
For help, type "help".
Type "apropos word" to search for commands related to "word"...
Reading symbols from a.out...done.
(gdb) br main
Breakpoint 1 at 0x87e: file p6original.c, line 31.
(gdb) r
Starting program: /home/runner/pps-IA1-practice/a.out 
warning: Error disabling address space randomization: Operation not permitted

Breakpoint 1, main () at p6original.c:31
31  {
(gdb) n
34    input_two_string(a,b);
(gdb) s
input_two_string (a=0x7fffc6edc4c0 "\001", b=0x7fffc6edc4e0 "\360\b\200(\356U")
    at p6original.c:4
4       printf("Enter a word:");
(gdb) n
5       scanf("%s", a);
(gdb) n
Enter a word:door
6       printf("Enter a word:");
(gdb) n
7       scanf("%s", b);
(gdb) n
Enter a word:monkey
8   }
(gdb) n
main () at p6original.c:35
35    ans = cmp(a,b);
(gdb) s
cmp (a=0x7fffc6edc4c0 "door", b=0x7fffc6edc4e0 "monkey") at p6original.c:12
12      for(i=0; a[i] && (a[i] == b[i]); i++);
(gdb) n
13      return a[i] - b[i];
(gdb) n
14  }
(gdb) n
main () at p6original.c:36
36    output(a,b,ans);
(gdb) s
output (a=0x7fffc6edc4c0 "door", b=0x7fffc6edc4e0 "monkey", ans=-9)
    at p6original.c:17
17      if(ans < 0)
(gdb) n
19        printf("%s is greater than %s\n", b, a);
(gdb) n
monkey is greater than door
29  }
(gdb) n
main () at p6original.c:37
37    return 0;
(gdb) c
Continuing.
[Inferior 1 (process 375) exited normally]
(gdb) q